[0/1] Planning build
Building for debugging...
[0/7] Write sources
[1/7] Write swift-version--58304C5D6DBC2206.txt
[3/5] Compiling DioramaCoreTests LiveOutputAcceptanceTests.swift
[4/5] Emitting module DioramaCoreTests
[4/6] Write Objects.LinkFileList
[5/6] Linking DioramaPackageTests
Build complete! (3.38s)
Test Suite 'Selected tests' started at 2026-09-28 01:02:27.874.
Test Suite 'DioramaPackageTests.xctest' started at 2026-09-28 01:02:27.874.
Test Suite 'DioramaPackageTests.xctest' passed at 2026-09-28 01:02:27.874.
	 Executed 0 tests, with 0 failures (0 unexpected) in 0.000 (0.000) seconds
Test Suite 'Selected tests' passed at 2026-09-28 01:02:27.874.
	 Executed 0 tests, with 0 failures (0 unexpected) in 0.000 (0.001) seconds
◇ Test run started.
↳ Testing Library Version: 1743
↳ Target Platform: arm64e-apple-macos14.0
◇ Suite LiveOutputAcceptanceTests started.
◇ Test claudeDesktopThreeTurnsRetainCorrelatedOutputs() started.
✔ Test claudeDesktopThreeTurnsRetainCorrelatedOutputs() passed after 4.975 seconds.
✔ Suite LiveOutputAcceptanceTests passed after 4.975 seconds.
✔ Test run with 1 test in 1 suite passed after 4.975 seconds.
